
[1mÔòöÔòÉÔòÉÔòÉÔòÉÔòÉÔòÉÔòÉÔòÉÔòÉÔòÉÔòÉÔòÉÔòÉÔòÉÔòÉÔòÉÔòÉÔòÉÔòÉÔòÉÔòÉÔòÉÔòÉÔòÉÔòÉÔòÉÔòÉÔòÉÔòÉÔòÉÔòÉÔòÉÔòÉÔòÉÔòÉÔòÉÔòÉÔòÉÔòÉÔòÉÔòÉÔòÉÔòÉÔòÉÔòÉÔòÉÔòÉÔòÉÔòÉÔòÉÔòÉÔòÉÔòÉÔòÉÔòÉÔòÉÔòÉÔòÉÔòÉÔòÉÔòÉÔòÉÔòù[0m
[1mÔòæ     SIMULA├ç├âO DE TESTES - AGENTE IA                         Ôòæ[0m
[1mÔòÜÔòÉÔòÉÔòÉÔòÉÔòÉÔòÉÔòÉÔòÉÔòÉÔòÉÔòÉÔòÉÔòÉÔòÉÔòÉÔòÉÔòÉÔòÉÔòÉÔòÉÔòÉÔòÉÔòÉÔòÉÔòÉÔòÉÔòÉÔòÉÔòÉÔòÉÔòÉÔòÉÔòÉÔòÉÔòÉÔòÉÔòÉÔòÉÔòÉÔòÉÔòÉÔòÉÔòÉÔòÉÔòÉÔòÉÔòÉÔòÉÔòÉÔòÉÔòÉÔòÉÔòÉÔòÉÔòÉÔòÉÔòÉÔòÉÔòÉÔòÉÔòÉÔòÉÔòØ[0m

[36mÔöüÔöüÔöüÔöüÔöüÔöüÔöüÔöüÔöüÔöüÔöüÔöüÔöüÔöüÔöüÔöüÔöüÔöüÔöüÔöüÔöüÔöüÔöüÔöüÔöüÔöüÔöüÔöüÔöüÔöüÔöüÔöüÔöüÔöüÔöüÔöüÔöüÔöüÔöüÔöüÔöüÔöüÔöüÔöüÔöüÔöüÔöüÔöüÔöüÔöüÔöüÔöüÔöüÔöüÔöüÔöüÔöüÔöüÔöüÔöü[0m
[1m  TESTE: validateName()[0m
[36mÔöüÔöüÔöüÔöüÔöüÔöüÔöüÔöüÔöüÔöüÔöüÔöüÔöüÔöüÔöüÔöüÔöüÔöüÔöüÔöüÔöüÔöüÔöüÔöüÔöüÔöüÔöüÔöüÔöüÔöüÔöüÔöüÔöüÔöüÔöüÔöüÔöüÔöüÔöüÔöüÔöüÔöüÔöüÔöüÔöüÔöüÔöüÔöüÔöüÔöüÔöüÔöüÔöüÔöüÔöüÔöüÔöüÔöüÔöüÔöü[0m
[32m  Ô£à "Gast├úo" ├® um nome v├ílido[0m
[32m  Ô£à "Maria" ├® um nome v├ílido[0m
[32m  Ô£à "Jo├úo" ├® um nome v├ílido[0m
[32m  Ô£à "Carlos" ├® um nome v├ílido[0m
[32m  Ô£à "Ana" ├® um nome v├ílido[0m
[32m  Ô£à "Pedro" ├® um nome v├ílido[0m
[32m  Ô£à "Lucas" ├® um nome v├ílido[0m
[32m  Ô£à "segunda" bloqueado como nome (├® dia da semana)[0m
[32m  Ô£à "ter├ºa" bloqueado como nome (├® dia da semana)[0m
[32m  Ô£à "quarta" bloqueado como nome (├® dia da semana)[0m
[32m  Ô£à "quinta" bloqueado como nome (├® dia da semana)[0m
[32m  Ô£à "sexta" bloqueado como nome (├® dia da semana)[0m
[32m  Ô£à "s├íbado" bloqueado como nome (├® dia da semana)[0m
[32m  Ô£à "domingo" bloqueado como nome (├® dia da semana)[0m
[32m  Ô£à "as 16" bloqueado como nome (├® hor├írio)[0m
[32m  Ô£à "10h" bloqueado como nome (├® hor├írio)[0m
[32m  Ô£à "14:30" bloqueado como nome (├® hor├írio)[0m
[32m  Ô£à "├ás 10" bloqueado como nome (├® hor├írio)[0m
[32m  Ô£à "sim" bloqueado como nome (├® confirma├º├úo)[0m
[32m  Ô£à "n├úo" bloqueado como nome (├® confirma├º├úo)[0m
[32m  Ô£à "ok" bloqueado como nome (├® confirma├º├úo)[0m
[32m  Ô£à "certo" bloqueado como nome (├® confirma├º├úo)[0m
[32m  Ô£à "beleza" bloqueado como nome (├® confirma├º├úo)[0m
[32m
  Resultado: 23 passou, 0 falhou[0m

[36mÔöüÔöüÔöüÔöüÔöüÔöüÔöüÔöüÔöüÔöüÔöüÔöüÔöüÔöüÔöüÔöüÔöüÔöüÔöüÔöüÔöüÔöüÔöüÔöüÔöüÔöüÔöüÔöüÔöüÔöüÔöüÔöüÔöüÔöüÔöüÔöüÔöüÔöüÔöüÔöüÔöüÔöüÔöüÔöüÔöüÔöüÔöüÔöüÔöüÔöüÔöüÔöüÔöüÔöüÔöüÔöüÔöüÔöüÔöüÔöü[0m
[1m  TESTE: validateTime()[0m
[36mÔöüÔöüÔöüÔöüÔöüÔöüÔöüÔöüÔöüÔöüÔöüÔöüÔöüÔöüÔöüÔöüÔöüÔöüÔöüÔöüÔöüÔöüÔöüÔöüÔöüÔöüÔöüÔöüÔöüÔöüÔöüÔöüÔöüÔöüÔöüÔöüÔöüÔöüÔöüÔöüÔöüÔöüÔöüÔöüÔöüÔöüÔöüÔöüÔöüÔöüÔöüÔöüÔöüÔöüÔöüÔöüÔöüÔöüÔöüÔöü[0m
[32m  Ô£à "as 16" ÔåÆ "16:00"[0m
[32m  Ô£à "├ás 10" ÔåÆ "10:00"[0m
[32m  Ô£à "14h" ÔåÆ "14:00"[0m
[32m  Ô£à "10:30" ÔåÆ "10:30"[0m
[32m  Ô£à "16h30" ÔåÆ "16:30"[0m
[32m  Ô£à "3h" rejeitado (fora do hor├írio comercial)[0m
[32m  Ô£à "as 5" rejeitado (fora do hor├írio comercial)[0m
[32m  Ô£à "23:00" rejeitado (fora do hor├írio comercial)[0m
[32m  Ô£à "├ás 2" rejeitado (fora do hor├írio comercial)[0m
[32m
  Resultado: 9 passou, 0 falhou[0m

[36mÔöüÔöüÔöüÔöüÔöüÔöüÔöüÔöüÔöüÔöüÔöüÔöüÔöüÔöüÔöüÔöüÔöüÔöüÔöüÔöüÔöüÔöüÔöüÔöüÔöüÔöüÔöüÔöüÔöüÔöüÔöüÔöüÔöüÔöüÔöüÔöüÔöüÔöüÔöüÔöüÔöüÔöüÔöüÔöüÔöüÔöüÔöüÔöüÔöüÔöüÔöüÔöüÔöüÔöüÔöüÔöüÔöüÔöüÔöüÔöü[0m
[1m  TESTE: validateEmail()[0m
[36mÔöüÔöüÔöüÔöüÔöüÔöüÔöüÔöüÔöüÔöüÔöüÔöüÔöüÔöüÔöüÔöüÔöüÔöüÔöüÔöüÔöüÔöüÔöüÔöüÔöüÔöüÔöüÔöüÔöüÔöüÔöüÔöüÔöüÔöüÔöüÔöüÔöüÔöüÔöüÔöüÔöüÔöüÔöüÔöüÔöüÔöüÔöüÔöüÔöüÔöüÔöüÔöüÔöüÔöüÔöüÔöüÔöüÔöüÔöüÔöü[0m
[32m  Ô£à "test@example.com" ├® um email v├ílido[0m
[32m  Ô£à "user.name@domain.org" ├® um email v├ílido[0m
[32m  Ô£à "gastao@gmail.com" ├® um email v├ílido[0m
[32m  Ô£à "notanemail" rejeitado (formato inv├ílido)[0m
[32m  Ô£à "missing@domain" rejeitado (formato inv├ílido)[0m
[32m  Ô£à "@nodomain.com" rejeitado (formato inv├ílido)[0m
[32m  Ô£à "spaces in@email.com" rejeitado (formato inv├ílido)[0m
[32m
  Resultado: 7 passou, 0 falhou[0m

[36mÔöüÔöüÔöüÔöüÔöüÔöüÔöüÔöüÔöüÔöüÔöüÔöüÔöüÔöüÔöüÔöüÔöüÔöüÔöüÔöüÔöüÔöüÔöüÔöüÔöüÔöüÔöüÔöüÔöüÔöüÔöüÔöüÔöüÔöüÔöüÔöüÔöüÔöüÔöüÔöüÔöüÔöüÔöüÔöüÔöüÔöüÔöüÔöüÔöüÔöüÔöüÔöüÔöüÔöüÔöüÔöüÔöüÔöüÔöüÔöü[0m
[1m  TESTE: mergeVariables()[0m
[36mÔöüÔöüÔöüÔöüÔöüÔöüÔöüÔöüÔöüÔöüÔöüÔöüÔöüÔöüÔöüÔöüÔöüÔöüÔöüÔöüÔöüÔöüÔöüÔöüÔöüÔöüÔöüÔöüÔöüÔöüÔöüÔöüÔöüÔöüÔöüÔöüÔöüÔöüÔöüÔöüÔöüÔöüÔöüÔöüÔöüÔöüÔöüÔöüÔöüÔöüÔöüÔöüÔöüÔöüÔöüÔöüÔöüÔöüÔöüÔöü[0m
[AgentState] Ô£à nome = "Gast├úo"
[AgentState] Ô£à email = "gastao@gmail.com"
[32m  Ô£à Merge simples funciona[0m
[AgentState] ­ƒøí´©Å Protegendo nome existente: "Gast├úo"
[32m  Ô£à Nome existente protegido (n├úo substitu├¡do por "segunda")[0m
[AgentState] ÔØî Rejeitando nome="segunda": ├ë uma palavra reservada (dia/hora/confirma├º├úo)
[32m  Ô£à "segunda" rejeitado como nome (valida├º├úo falhou)[0m
[32m
  Resultado: 3 passou, 0 falhou[0m

[36mÔöüÔöüÔöüÔöüÔöüÔöüÔöüÔöüÔöüÔöüÔöüÔöüÔöüÔöüÔöüÔöüÔöüÔöüÔöüÔöüÔöüÔöüÔöüÔöüÔöüÔöüÔöüÔöüÔöüÔöüÔöüÔöüÔöüÔöüÔöüÔöüÔöüÔöüÔöüÔöüÔöüÔöüÔöüÔöüÔöüÔöüÔöüÔöüÔöüÔöüÔöüÔöüÔöüÔöüÔöüÔöüÔöüÔöüÔöüÔöü[0m
[1m  SIMULA├ç├âO: Conversa Completa[0m
[36mÔöüÔöüÔöüÔöüÔöüÔöüÔöüÔöüÔöüÔöüÔöüÔöüÔöüÔöüÔöüÔöüÔöüÔöüÔöüÔöüÔöüÔöüÔöüÔöüÔöüÔöüÔöüÔöüÔöüÔöüÔöüÔöüÔöüÔöüÔöüÔöüÔöüÔöüÔöüÔöüÔöüÔöüÔöüÔöüÔöüÔöüÔöüÔöüÔöüÔöüÔöüÔöüÔöüÔöüÔöüÔöüÔöüÔöüÔöüÔöü[0m
[34m
  Estado inicial criado[0m
[36m
  ­ƒæñ Usu├írio: "Ol├í, meu nome ├® Gast├úo"[0m
[AgentState] Ô£à nome = "Gast├úo"
[33m  ­ƒôè Vari├íveis atuais:[0m
[0m     nome: Gast├úo[0m
[0m     email: (n├úo definido)[0m
[0m     data: (n├úo definido)[0m
[0m     hora: (n├úo definido)[0m
[36m
  ­ƒæñ Usu├írio: "Tenho uma loja de sapatos"[0m
[33m  ­ƒôè Vari├íveis atuais:[0m
[0m     nome: Gast├úo[0m
[0m     email: (n├úo definido)[0m
[0m     data: (n├úo definido)[0m
[0m     hora: (n├úo definido)[0m
[36m
  ­ƒæñ Usu├írio: "Meu desafio ├® o tempo de atendimento"[0m
[33m  ­ƒôè Vari├íveis atuais:[0m
[0m     nome: Gast├úo[0m
[0m     email: (n├úo definido)[0m
[0m     data: (n├úo definido)[0m
[0m     hora: (n├úo definido)[0m
[36m
  ­ƒæñ Usu├írio: "segunda"[0m
[AgentState] Ô£à data_reuniao = "29/12"
[33m  ­ƒôè Vari├íveis atuais:[0m
[0m     nome: Gast├úo[0m
[0m     email: (n├úo definido)[0m
[0m     data: 29/12[0m
[0m     hora: (n├úo definido)[0m
[36m
  ­ƒæñ Usu├írio: "as 16"[0m
[AgentState] Ô£à horario_reuniao = "16:00"
[33m  ­ƒôè Vari├íveis atuais:[0m
[0m     nome: Gast├úo[0m
[0m     email: (n├úo definido)[0m
[0m     data: 29/12[0m
[0m     hora: 16:00[0m
[36m
  ­ƒæñ Usu├írio: "gastao@gmail.com"[0m
[AgentState] Ô£à email = "gastao@gmail.com"
[33m  ­ƒôè Vari├íveis atuais:[0m
[0m     nome: Gast├úo[0m
[0m     email: gastao@gmail.com[0m
[0m     data: 29/12[0m
[0m     hora: 16:00[0m
[1m
  ­ƒÄ» Verifica├º├úo Final:[0m
[32m  Ô£à Nome = "Gast├úo" (n├úo foi substitu├¡do por "segunda")[0m
[32m  Ô£à Data = "29/12" (segunda-feira)[0m
[32m  Ô£à Hor├írio = "16:00"[0m
[32m  Ô£à Email = "gastao@gmail.com"[0m

[36mÔöüÔöüÔöüÔöüÔöüÔöüÔöüÔöüÔöüÔöüÔöüÔöüÔöüÔöüÔöüÔöüÔöüÔöüÔöüÔöüÔöüÔöüÔöüÔöüÔöüÔöüÔöüÔöüÔöüÔöüÔöüÔöüÔöüÔöüÔöüÔöüÔöüÔöüÔöüÔöüÔöüÔöüÔöüÔöüÔöüÔöüÔöüÔöüÔöüÔöüÔöüÔöüÔöüÔöüÔöüÔöüÔöüÔöüÔöüÔöü[0m
[1m  RESUMO FINAL[0m
[36mÔöüÔöüÔöüÔöüÔöüÔöüÔöüÔöüÔöüÔöüÔöüÔöüÔöüÔöüÔöüÔöüÔöüÔöüÔöüÔöüÔöüÔöüÔöüÔöüÔöüÔöüÔöüÔöüÔöüÔöüÔöüÔöüÔöüÔöüÔöüÔöüÔöüÔöüÔöüÔöüÔöüÔöüÔöüÔöüÔöüÔöüÔöüÔöüÔöüÔöüÔöüÔöüÔöüÔöüÔöüÔöüÔöüÔöüÔöüÔöü[0m
[32m
  Total: 42 testes passaram, 0 falharam[0m
[32m
  ­ƒÄë TODOS OS TESTES PASSARAM![0m

